#-----------------------------------------------------------
# Vivado v2020.2 (64-bit)
# SW Build 3064766 on Wed Nov 18 09:12:45 MST 2020
# IP Build 3064653 on Wed Nov 18 14:17:31 MST 2020
# Start of session at: Tue May  3 08:44:55 2022
# Process ID: 3188
# Current directory: C:/Users/fowlersp/Documents/ECE_212_Lab_Fowler_Nosow/Lab11/Lab11
# Command line: vivado.exe -gui_launcher_event rodinguilauncherevent1708 C:\Users\fowlersp\Documents\ECE_212_Lab_Fowler_Nosow\Lab11\Lab11\Lab11.xpr
# Log file: C:/Users/fowlersp/Documents/ECE_212_Lab_Fowler_Nosow/Lab11/Lab11/vivado.log
# Journal file: C:/Users/fowlersp/Documents/ECE_212_Lab_Fowler_Nosow/Lab11/Lab11\vivado.jou
#-----------------------------------------------------------
start_gui
open_project C:/Users/fowlersp/Documents/ECE_212_Lab_Fowler_Nosow/Lab11/Lab11/Lab11.xpr
update_compile_order -fileset sources_1
launch_simulation
source ADDTEST_TB.tcl
current_wave_config {Untitled 1}
add_wave {{/ADDTEST_TB/DUV/mips/instr_d}} 
current_wave_config {Untitled 1}
add_wave {{/ADDTEST_TB/DUV/mips/opcode_d}} 
restart
run all
close_sim
launch_simulation
source ADDTEST_TB.tcl
close_sim
launch_simulation
source ADDTEST_TB.tcl
current_wave_config {Untitled 3}
add_wave {{/ADDTEST_TB/DUV/mips/instr_d}} 
current_wave_config {Untitled 3}
add_wave {{/ADDTEST_TB/DUV/mips/opcode_d}} 
restart
run all
current_wave_config {Untitled 3}
add_wave {{/ADDTEST_TB/DUV/mips/U_DP/U_COMP/a}} 
current_wave_config {Untitled 3}
add_wave {{/ADDTEST_TB/DUV/mips/U_DP/U_COMP/b}} 
restart
run all
current_wave_config {Untitled 3}
add_wave {{/ADDTEST_TB/DUV/mips/U_DP/result_w}} 
restart
run all
close_sim
launch_simulation
source ADDTEST_TB.tcl
current_wave_config {Untitled 4}
add_wave {{/ADDTEST_TB/DUV/mips/instr_d}} 
current_wave_config {Untitled 4}
add_wave {{/ADDTEST_TB/DUV/mips/opcode_d}} 
restart
run all
close_sim
launch_simulation
source ADDTEST_TB.tcl
current_wave_config {Untitled 5}
add_wave {{/ADDTEST_TB/DUV/mips/instr_d}} 
current_wave_config {Untitled 5}
add_wave {{/ADDTEST_TB/DUV/mips/opcode_d}} 
restart
run all
close_sim
launch_simulation
source ADDTEST_TB.tcl
current_wave_config {Untitled 6}
add_wave {{/ADDTEST_TB/DUV/mips/instr_d}} 
current_wave_config {Untitled 6}
add_wave {{/ADDTEST_TB/DUV/mips/opcode_d}} 
restart
run all
close_sim
launch_simulation
source ADDTEST_TB.tcl
close_sim
launch_simulation
source ADDTEST_TB.tcl
current_wave_config {Untitled 8}
add_wave {{/ADDTEST_TB/DUV/pc}} 
current_wave_config {Untitled 8}
add_wave {{/ADDTEST_TB/DUV/mips/instr_d}} 
current_wave_config {Untitled 8}
add_wave {{/ADDTEST_TB/DUV/mips/opcode_d}} 
current_wave_config {Untitled 8}
add_wave {{/ADDTEST_TB/DUV/mips/flush_e}} 
current_wave_config {Untitled 8}
add_wave {{/ADDTEST_TB/DUV/mips/stall_f}} 
current_wave_config {Untitled 8}
add_wave {{/ADDTEST_TB/DUV/mips/stall_d}} 
current_wave_config {Untitled 8}
add_wave {{/ADDTEST_TB/DUV/mips/forward_a_d}} 
current_wave_config {Untitled 8}
add_wave {{/ADDTEST_TB/DUV/mips/forward_b_d}} 
current_wave_config {Untitled 8}
add_wave {{/ADDTEST_TB/DUV/mips/forward_a_e}} 
current_wave_config {Untitled 8}
add_wave {{/ADDTEST_TB/DUV/mips/forward_b_e}} 
restart
run all
close_sim
# Disabling source management mode.  This is to allow the top design properties to be set without GUI intervention.
set_property source_mgmt_mode None [current_project]
set_property top JALJR_TB [get_filesets sim_1]
set_property top_lib xil_defaultlib [get_filesets sim_1]
# Re-enabling previously disabled source management mode.
set_property source_mgmt_mode All [current_project]
update_compile_order -fileset sim_1
launch_simulation
source JALJR_TB.tcl
current_wave_config {Untitled 9}
add_wave {{/JALJR_TB/DUV/instr}} 
current_wave_config {Untitled 9}
add_wave {{/JALJR_TB/DUV/mips/opcode_d}} 
restart
run all
close_sim
# Disabling source management mode.  This is to allow the top design properties to be set without GUI intervention.
set_property source_mgmt_mode None [current_project]
set_property top OG_TB [get_filesets sim_1]
set_property top_lib xil_defaultlib [get_filesets sim_1]
# Re-enabling previously disabled source management mode.
set_property source_mgmt_mode All [current_project]
update_compile_order -fileset sim_1
launch_simulation
source OG_TB.tcl
current_wave_config {Untitled 10}
add_wave {{/OG_TB/DUV/mips/opcode_d}} 
current_wave_config {Untitled 10}
add_wave {{/OG_TB/DUV/mips/instr_d}} 
restart
run all
close_sim
launch_simulation
source OG_TB.tcl
current_wave_config {Untitled 11}
add_wave {{/OG_TB/DUV/mips/instr_d}} 
current_wave_config {Untitled 11}
add_wave {{/OG_TB/DUV/mips/opcode_d}} 
restart
run all
# Disabling source management mode.  This is to allow the top design properties to be set without GUI intervention.
set_property source_mgmt_mode None [current_project]
set_property top JALJR_TB [get_filesets sim_1]
set_property top_lib xil_defaultlib [get_filesets sim_1]
# Re-enabling previously disabled source management mode.
set_property source_mgmt_mode All [current_project]
update_compile_order -fileset sim_1
launch_simulation
launch_simulation
close_sim
launch_simulation
source JALJR_TB.tcl
current_wave_config {Untitled 12}
add_wave {{/JALJR_TB/DUV/mips/instr_d}} 
current_wave_config {Untitled 12}
add_wave {{/JALJR_TB/DUV/mips/opcode_d}} 
restart
run all
close_sim
