#-----------------------------------------------------------
# Webtalk v2020.2 (64-bit)
# SW Build 3064766 on Wed Nov 18 09:12:45 MST 2020
# IP Build 3064653 on Wed Nov 18 14:17:31 MST 2020
# Start of session at: Sun Feb 13 17:37:40 2022
# Process ID: 16308
# Current directory: C:/Users/fowlersp/Documents/ECE_212_Lab_Fowler_Nosow/Lab03/Lab03/Lab03.sim/sim_1/behav/xsim
# Command line: wbtcv.exe -mode batch -source C:/Users/fowlersp/Documents/ECE_212_Lab_Fowler_Nosow/Lab03/Lab03/Lab03.sim/sim_1/behav/xsim/xsim.dir/round_tb_behav/webtalk/xsim_webtalk.tcl -notrace
# Log file: C:/Users/fowlersp/Documents/ECE_212_Lab_Fowler_Nosow/Lab03/Lab03/Lab03.sim/sim_1/behav/xsim/webtalk.log
# Journal file: C:/Users/fowlersp/Documents/ECE_212_Lab_Fowler_Nosow/Lab03/Lab03/Lab03.sim/sim_1/behav/xsim\webtalk.jou
#-----------------------------------------------------------
source C:/Users/fowlersp/Documents/ECE_212_Lab_Fowler_Nosow/Lab03/Lab03/Lab03.sim/sim_1/behav/xsim/xsim.dir/round_tb_behav/webtalk/xsim_webtalk.tcl -notrace
